f:\stock\winlineqt\winqt\winline\build2\winline.dir\release\luascriptengine.obj
f:\stock\winlineqt\winqt\winline\build2\winline.dir\release\clickfilter.obj
f:\stock\winlineqt\winqt\winline\build2\winline.dir\release\apppaths.obj
f:\stock\winlineqt\winqt\winline\build2\winline.dir\release\simreader.obj
f:\stock\winlineqt\winqt\winline\build2\winline.dir\release\simengine.obj
f:\stock\winlineqt\winqt\winline\build2\winline.dir\release\simwindow.obj
f:\stock\winlineqt\winqt\winline\build2\winline.dir\release\dataloader.obj
f:\stock\winlineqt\winqt\winline\build2\winline.dir\release\marketsconfig.obj
f:\stock\winlineqt\winqt\winline\build2\winline.dir\release\providerfactory.obj
f:\stock\winlineqt\winqt\winline\build2\winline.dir\release\fhdataprovider.obj
f:\stock\winlineqt\winqt\winline\build2\winline.dir\release\dataprovider.obj
f:\stock\winlineqt\winqt\winline\build2\winline.dir\release\csvloader.obj
f:\stock\winlineqt\winqt\winline\build2\winline.dir\release\macdwidget.obj
f:\stock\winlineqt\winqt\winline\build2\winline.dir\release\volumewidget.obj
f:\stock\winlineqt\winqt\winline\build2\winline.dir\release\indicatorwidget.obj
f:\stock\winlineqt\winqt\winline\build2\winline.dir\release\klinewidget.obj
f:\stock\winlineqt\winqt\winline\build2\winline.dir\release\chartgroup.obj
f:\stock\winlineqt\winqt\winline\build2\winline.dir\release\welcomewidget.obj
f:\stock\winlineqt\winqt\winline\build2\winline.dir\release\mainwindow.obj
f:\stock\winlineqt\winqt\winline\build2\winline.dir\release\main.obj
f:\stock\winlineqt\winqt\winline\build2\winline.dir\release\mocs_compilation_release.obj
f:\stock\winlineqt\winqt\winline\build2\winline.dir\release\chartconfig.obj
f:\stock\winlineqt\winqt\winline\build2\winline.dir\release\kbarrpcservice.obj
f:\stock\winlineqt\winqt\winline\build2\winline.dir\release\shapedialog.obj
f:\stock\winlineqt\winqt\winline\build2\winline.dir\release\indicatorcalc.obj
f:\stock\winlineqt\winqt\winline\build2\winline.dir\release\settingsdialog.obj
f:\stock\winlineqt\winqt\winline\build2\winline_autogen\autouic_release.stamp
f:\stock\winlineqt\winqt\winline\build2\cmakefiles\generate.stamp
f:\stock\winlineqt\winqt\winline\build2\release\winline.exe
f:\stock\winlineqt\winqt\winline\build2\winline.dir\release\winline.tlog\cl.command.1.tlog
f:\stock\winlineqt\winqt\winline\build2\winline.dir\release\winline.tlog\cl.items.tlog
f:\stock\winlineqt\winqt\winline\build2\winline.dir\release\winline.tlog\cl.read.1.tlog
f:\stock\winlineqt\winqt\winline\build2\winline.dir\release\winline.tlog\cl.write.1.tlog
f:\stock\winlineqt\winqt\winline\build2\winline.dir\release\winline.tlog\custombuild.command.1.tlog
f:\stock\winlineqt\winqt\winline\build2\winline.dir\release\winline.tlog\custombuild.read.1.tlog
f:\stock\winlineqt\winqt\winline\build2\winline.dir\release\winline.tlog\custombuild.write.1.tlog
f:\stock\winlineqt\winqt\winline\build2\winline.dir\release\winline.tlog\link.command.1.tlog
f:\stock\winlineqt\winqt\winline\build2\winline.dir\release\winline.tlog\link.read.1.tlog
f:\stock\winlineqt\winqt\winline\build2\winline.dir\release\winline.tlog\link.secondary.1.tlog
f:\stock\winlineqt\winqt\winline\build2\winline.dir\release\winline.tlog\link.write.1.tlog
