f:\stock\winlineqt\winqt\winline\build2\winline.dir\debug\vc143.pdb
f:\stock\winlineqt\winqt\winline\build2\winline.dir\debug\apppaths.obj
f:\stock\winlineqt\winqt\winline\build2\winline.dir\debug\simreader.obj
f:\stock\winlineqt\winqt\winline\build2\winline.dir\debug\simengine.obj
f:\stock\winlineqt\winqt\winline\build2\winline.dir\debug\simwindow.obj
f:\stock\winlineqt\winqt\winline\build2\winline.dir\debug\chartconfig.obj
f:\stock\winlineqt\winqt\winline\build2\winline.dir\debug\dataloader.obj
f:\stock\winlineqt\winqt\winline\build2\winline.dir\debug\marketsconfig.obj
f:\stock\winlineqt\winqt\winline\build2\winline.dir\debug\providerfactory.obj
f:\stock\winlineqt\winqt\winline\build2\winline.dir\debug\fhdataprovider.obj
f:\stock\winlineqt\winqt\winline\build2\winline.dir\debug\dataprovider.obj
f:\stock\winlineqt\winqt\winline\build2\winline.dir\debug\csvloader.obj
f:\stock\winlineqt\winqt\winline\build2\winline.dir\debug\indicatorcalc.obj
f:\stock\winlineqt\winqt\winline\build2\winline.dir\debug\macdwidget.obj
f:\stock\winlineqt\winqt\winline\build2\winline.dir\debug\volumewidget.obj
f:\stock\winlineqt\winqt\winline\build2\winline.dir\debug\indicatorwidget.obj
f:\stock\winlineqt\winqt\winline\build2\winline.dir\debug\klinewidget.obj
f:\stock\winlineqt\winqt\winline\build2\winline.dir\debug\welcomewidget.obj
f:\stock\winlineqt\winqt\winline\build2\winline.dir\debug\mainwindow.obj
f:\stock\winlineqt\winqt\winline\build2\winline.dir\debug\main.obj
f:\stock\winlineqt\winqt\winline\build2\winline.dir\debug\mocs_compilation_debug.obj
f:\stock\winlineqt\winqt\winline\build2\winline.dir\debug\kbarrpcservice.obj
f:\stock\winlineqt\winqt\winline\build2\winline.dir\debug\settingsdialog.obj
f:\stock\winlineqt\winqt\winline\build2\winline.dir\debug\shapedialog.obj
f:\stock\winlineqt\winqt\winline\build2\winline.dir\debug\clickfilter.obj
f:\stock\winlineqt\winqt\winline\build2\winline_autogen\autouic_debug.stamp
f:\stock\winlineqt\winqt\winline\build2\cmakefiles\generate.stamp
f:\stock\winlineqt\winqt\winline\build2\winline.dir\debug\winline.tlog\cl.command.1.tlog
f:\stock\winlineqt\winqt\winline\build2\winline.dir\debug\winline.tlog\cl.read.1.tlog
f:\stock\winlineqt\winqt\winline\build2\winline.dir\debug\winline.tlog\cl.write.1.tlog
f:\stock\winlineqt\winqt\winline\build2\winline.dir\debug\winline.tlog\custombuild.command.1.tlog
f:\stock\winlineqt\winqt\winline\build2\winline.dir\debug\winline.tlog\custombuild.read.1.tlog
f:\stock\winlineqt\winqt\winline\build2\winline.dir\debug\winline.tlog\custombuild.write.1.tlog
